GATCGGAAGAGCGGTTCAGCAGGAATGCCG 82213
CGGAAGAGCGGTTCAGCAGGAATGCCGAGA 82132
ATCGGAAGAGCGGTTCAGCAGGAATGCCGA 82130
TCGGAAGAGCGGTTCAGCAGGAATGCCGAG 82129
GGAAGAGCGGTTCAGCAGGAATGCCGAGAC 81443
GAAGAGCGGTTCAGCAGGAATGCCGAGACC 81367
AAGAGCGGTTCAGCAGGAATGCCGAGACCG 81230
TCAGCAGGAATGCCGAGACCGATCTCATCA 81137
AGCAGGAATGCCGAGACCGATCTCATCACG 81113
AGAGCGGTTCAGCAGGAATGCCGAGACCGA 81111
CAGCAGGAATGCCGAGACCGATCTCATCAC 81069
CGGTTCAGCAGGAATGCCGAGACCGATCTC 81005
GCGGTTCAGCAGGAATGCCGAGACCGATCT 80951
GAGCGGTTCAGCAGGAATGCCGAGACCGAT 80918
AGCGGTTCAGCAGGAATGCCGAGACCGATC 80890
GGTTCAGCAGGAATGCCGAGACCGATCTCA 80863
GTTCAGCAGGAATGCCGAGACCGATCTCAT 80764
TTCAGCAGGAATGCCGAGACCGATCTCATC 80617
CAGGAATGCCGAGACCGATCTCATCACGTT 79755
AGGAATGCCGAGACCGATCTCATCACGTTA 79605
GCAGGAATGCCGAGACCGATCTCATCACGT 79444
GGAATGCCGAGACCGATCTCATCACGTTAT 78807
GAATGCCGAGACCGATCTCATCACGTTATC 78022
ATGCCGAGACCGATCTCATCACGTTATCTC 77921
TGCCGAGACCGATCTCATCACGTTATCTCG 77902
AATGCCGAGACCGATCTCATCACGTTATCT 77900
