TTTTTTTTTTTTTTTTTTTTTTTTTTTTTT 300
AAAAAAAAAAAAAAAAAAAAAAAAAAAAAA 219
ACACACACACACACACACACACACACACAC 152
GTGTGTGTGTGTGTGTGTGTGTGTGTGTGT 150
TGTGTGTGTGTGTGTGTGTGTGTGTGTGTG 145
CACACACACACACACACACACACACACACA 145
CCCCCCCCCCCCCCCCCCCCCCCCCCCCCC 105
TGAAAAGGATCAAGAGCCCATTTATGCCAT 42
TCAAGAGCCCATTTATGCCATAGTGCCCAC 42
GGAGAAAGATGAAAAGGATCAAGAGCCCAT 42
GAGGAGAAAGATGAAAAGGATCAAGAGCCC 42
GAGAAAGATGAAAAGGATCAAGAGCCCATT 42
GAAAGATGAAAAGGATCAAGAGCCCATTTA 42
GAAAAGGATCAAGAGCCCATTTATGCCATA 42
AGGAGAAAGATGAAAAGGATCAAGAGCCCA 42
AGAGGAGAAAGATGAAAAGGATCAAGAGCC 42
AGAAAGATGAAAAGGATCAAGAGCCCATTT 42
GATCAAGAGCCCATTTATGCCATAGTGCCC 41
ATGAAAAGGATCAAGAGCCCATTTATGCCA 41
ATCAAGAGCCCATTTATGCCATAGTGCCCA 41
AGGATCAAGAGCCCATTTATGCCATAGTGC 41
AAGGATCAAGAGCCCATTTATGCCATAGTG 41
AAGATGAAAAGGATCAAGAGCCCATTTATG 41
AAAGGATCAAGAGCCCATTTATGCCATAGT 41
AAAGATGAAAAGGATCAAGAGCCCATTTAT 41
AAAAGGATCAAGAGCCCATTTATGCCATAG 41
GGATCAAGAGCCCATTTATGCCATAGTGCC 40
GATGAAAAGGATCAAGAGCCCATTTATGCC 40
AGATGAAAAGGATCAAGAGCCCATTTATGC 40
AAGAGGAGAAAGATGAAAAGGATCAAGAGC 40
CAAGAGCCCATTTATGCCATAGTGCCCACA 39
AGAGCCCATTTATGCCATAGTGCCCACAAT 39
AAGAGCCCATTTATGCCATAGTGCCCACAA 39
GAGGAAGAGGAGAAAGATGAAAAGGATCAA 38
AGGAAGAGGAGAAAGATGAAAAGGATCAAG 38
TCCCAAAGTGCTGGGATTACAGGCGTGAGC 37
GGAAGAGGAGAAAGATGAAAAGGATCAAGA 37
GAAGAGGAGAAAGATGAAAAGGATCAAGAG 37
AGAGGAAGAGGAGAAAGATGAAAAGGATCA 37
GCCCATTTATGCCATAGTGCCCACAATTAA 36
CTCCCAAAGTGCTGGGATTACAGGCGTGAG 36
CCCATTTATGCCATAGTGCCCACAATTAAC 36
CCATTTATGCCATAGTGCCCACAATTAACA 36
CATTTATGCCATAGTGCCCACAATTAACAT 36
ATTTATGCCATAGTGCCCACAATTAACATT 36
AGCCCATTTATGCCATAGTGCCCACAATTA 36
TTTTTGTGTCTGTCCCTCTTCCATATTCTC 35
TTTATGCCATAGTGCCCACAATTAACATTC 35
TTATGCCATAGTGCCCACAATTAACATTCA 35
TATGCCATAGTGCCCACAATTAACATTCAA 35
GCCTCCCAAAGTGCTGGGATTACAGGCGTG 35
GAGCCCATTTATGCCATAGTGCCCACAATT 35
GAAGAGGAAGAGGAGAAAGATGAAAAGGAT 35
CTTTTTGTGTCTGTCCCTCTTCCATATTCT 35
CCTTTTTGTGTCTGTCCCTCTTCCATATTC 35
CCTCCCAAAGTGCTGGGATTACAGGCGTGA 35
ATGCCATAGTGCCCACAATTAACATTCAAG 35
ACCTTTTTGTGTCTGTCCCTCTTCCATATT 35
AAGAGGAAGAGGAGAAAGATGAAAAGGATC 35
TTTTGTGTCTGTCCCTCTTCCATATTCTCT 34
TTTGTGTCTGTCCCTCTTCCATATTCTCTT 34
TTTAGCACAGTACCTTTTTGTGTCTGTCCC 34
TTGTGTCTGTCCCTCTTCCATATTCTCTTC 34
TTAGCACAGTACCTTTTTGTGTCTGTCCCT 34
TGCCATAGTGCCCACAATTAACATTCAAGA 34
TCCCAAAGTGCTGGGATTACAGGCATGAGC 34
TAGCACAGTACCTTTTTGTGTCTGTCCCTC 34
TACCTTTTTGTGTCTGTCCCTCTTCCATAT 34
GTACCTTTTTGTGTCTGTCCCTCTTCCATA 34
CAGTACCTTTTTGTGTCTGTCCCTCTTCCA 34
CACAGTACCTTTTTGTGTCTGTCCCTCTTC 34
AGTACCTTTTTGTGTCTGTCCCTCTTCCAT 34
AGCACAGTACCTTTTTGTGTCTGTCCCTCT 34
AGAAGAGGAAGAGGAGAAAGATGAAAAGGA 34
ACAGTACCTTTTTGTGTCTGTCCCTCTTCC 34
AAGAAGAGGAAGAGGAGAAAGATGAAAAGG 34
TGTGTCTGTCCCTCTTCCATATTCTCTTCC 33
TGTCCCTCTTCCATATTCTCTTCCATGGCT 33
GCCATAGTGCCCACAATTAACATTCAAGAT 33
GCACAGTACCTTTTTGTGTCTGTCCCTCTT 33
CTCCCAAAGTGCTGGGATTACAGGCATGAG 33
CCCAAAGTGCTGGGATTACAGGCGTGAGCC 33
CCACAATTAACATTCAAGATGAGCGGTTTG 33
CCAAAGTGCTGGGATTACAGGCGTGAGCCA 33
CACAATTAACATTCAAGATGAGCGGTTTGT 33
AAAAGAAGAGGAAGAGGAGAAAGATGAAAA 33
TGTCTGTCCCTCTTCCATATTCTCTTCCAT 32
TGCCCACAATTAACATTCAAGATGAGCGGT 32
TGAATATTATATATTTTCACGTGCAGTGGC 32
TCTGTCCCTCTTCCATATTCTCTTCCATGG 32
TCAGGCTGACTTATTGGTATCGGACGAAGA 32
GTGTCTGTCCCTCTTCCATATTCTCTTCCA 32
GTCTGTCCCTCTTCCATATTCTCTTCCATG 32
GCTTTTAGCACAGTACCTTTTTGTGTCTGT 32
GAATATTATATATTTTCACGTGCAGTGGCT 32
CTTTTAGCACAGTACCTTTTTGTGTCTGTC 32
CTGTCCCTCTTCCATATTCTCTTCCATGGC 32
CCTCAGCCTCCCAAAGTGCTGGGATTACAG 32
CCCACAATTAACATTCAAGATGAGCGGTTT 32
CCATAGTGCCCACAATTAACATTCAAGATG 32
CATAGTGCCCACAATTAACATTCAAGATGA 32
CAAAGTGCTGGGATTACAGGCGTGAGCCAC 32
ATCAGGCTGACTTATTGGTATCGGACGAAG 32
ATAGTGCCCACAATTAACATTCAAGATGAG 32
ACGCTTTTAGCACAGTACCTTTTTGTGTCT 32
AATATTATATATTTTCACGTGCAGTGGCTT 32
AACGCTTTTAGCACAGTACCTTTTTGTGTC 32
AAAGAAGAGGAAGAGGAGAAAGATGAAAAG 32
AAACGCTTTTAGCACAGTACCTTTTTGTGT 32
