AAAAAAAAAAAAAAAAAAAAAAAAAAAAAA 143241
TTTTTTTTTTTTTTTTTTTTTTTTTTTTTT 124972
CCCCCCCCCCCCCCCCCCCCCCCCCCCCCC 69671
ACACACACACACACACACACACACACACAC 63209
CACACACACACACACACACACACACACACA 60488
GTGTGTGTGTGTGTGTGTGTGTGTGTGTGT 48942
TGTGTGTGTGTGTGTGTGTGTGTGTGTGTG 48221
CACTCTTTCCCTACACGACGCTCTTCCGAT 29830
ACACTCTTTCCCTACACGACGCTCTTCCGA 29296
TACACTCTTTCCCTACACGACGCTCTTCCG 26514
CAAAGTGCTGGGATTACAGGCGTGAGCCAC 19511
CCAAAGTGCTGGGATTACAGGCGTGAGCCA 19462
TCCCAAAGTGCTGGGATTACAGGCGTGAGC 19314
ACTCTTTCCCTACACGACGCTCTTCCGATT 19314
CTCCCAAAGTGCTGGGATTACAGGCGTGAG 19221
CCCAAAGTGCTGGGATTACAGGCGTGAGCC 19077
GGGGGGGGGGGGGGGGGGGGGGGGGGGGGG 18923
CCTCCCAAAGTGCTGGGATTACAGGCGTGA 18903
CTCTTTCCCTACACGACGCTCTTCCGATTT 18431
GCCTCCCAAAGTGCTGGGATTACAGGCGTG 18220
CTCGGCCTCCCAAAGTGCTGGGATTACAGG 16109
CCTCGGCCTCCCAAAGTGCTGGGATTACAG 15645
CAAAAAAAAAAAAAAAAAAAAAAAAAAAAA 14934
AAAGTGCTGGGATTACAGGCGTGAGCCACC 14651
GGCCTCCCAAAGTGCTGGGATTACAGGCGT 13484
TCGGCCTCCCAAAGTGCTGGGATTACAGGC 13402
TCTCAAAAAAAAAAAAAAAAAAAAAAAAAA 13392
